========================================================================================
Target #32 — PDF run-endpoint table, sheets 8-14 (read-only; nothing placed)
========================================================================================
 sheet  8: confirmed-trusted AP rows=3  matchline/see-sheet stations excluded=[3393.0]
 sheet  9: confirmed-trusted AP rows=1  matchline/see-sheet stations excluded=[3393.0]
 sheet 10: confirmed-trusted AP rows=2  matchline/see-sheet stations excluded=[184.0]
 sheet 11: confirmed-trusted AP rows=1  matchline/see-sheet stations excluded=[]
 sheet 12: confirmed-trusted AP rows=2  matchline/see-sheet stations excluded=[]
 sheet 13: confirmed-trusted AP rows=6  matchline/see-sheet stations excluded=[]
 sheet 14: confirmed-trusted AP rows=0  matchline/see-sheet stations excluded=[]

----------------------------------------------------------------------------------------
GRADE vs BRENHAM_PH5_RUN_ENDPOINTS (sheets 8-14 AP rows)
----------------------------------------------------------------------------------------
   hand AP rows = 10; trusted = 15
   TRUE POSITIVES (9) = [(8, 366.0, 154), (8, 387.0, 156), (8, 413.0, 157), (9, 3810.0, 155), (10, 140.0, 165), (10, 451.0, 163), (11, 189.0, 168), (12, 350.0, 167), (12, 355.0, 164)]
   WRONG IDs      (0) = []
   EXTRA/REVIEW   (6) = [(13, 160.0, 151), (13, 245.0, 158), (13, 359.0, 160), (13, 389.0, 166), (13, 390.0, 167), (13, 398.0, 162)]
   MISSES         (1) = [(10, 136.0, 166)]
   PRECISION = 0.60   RECALL = 0.90   (wrong-id policy: OK (0))
   -- AP-terminal sheets 8-12: TP=9 extra=0 miss=1 PRECISION=1.00 RECALL=0.90
   -- boundary sheets 13-14 (hand has 0 AP rows): 6 EXTRA = boundary-sheet
      over-generation (matchline/cross-ref numbers read as APs) = [(13, 160.0, 151), (13, 245.0, 158), (13, 359.0, 160), (13, 389.0, 166), (13, 390.0, 167), (13, 398.0, 162)]
      => matchline label-proximity filter is insufficient on 13/14; these are NOT trusted-clean.

   Target #25 index: 9/9 trusted APs are geometry-anchor-ready (latlon present) -> [154, 156, 157, 155, 165, 163, 168, 167, 164]

[BOUNDED AP-166 CROSS-SHEET ATTEMPT (one shot, then stop)]
   sheet 10 corridor (matchline-connected) = [10, 12, 13, 14]; adjacent in-band sheets = [12, 13, 14]
   sheet-10<->adjacent matchline boundary equation: None
   => ABSTAIN: no same-component AP-166 on sheet 10; cross-sheet candidates are matchline
      false-positives or lack a deterministic STA-136->AP-166 matchline equation.
   STOP chasing AP-166 (per Target #32 rule: one bounded attempt, then move on).

   (10,136,166) FINAL: NOT RECOVERED (abstained, stopped)
